SQL> 
SQL> --Currently this template assumes need for only single datafile per table
SQL> --This might impact performance for larger database sizes, so either user needs to edit the generated script from this template or change logic in perl script to generate required build table space script
SQL> --Paramters that need to be changed acc to database size are - number of datafiles per table, initial size of data file and size of increments for data file in case of overflow
SQL> 
SQL> --Paths for windows should be like this : c:\oracledbfiles\
SQL> --paths for linux should be like this : /oracledbfiles/
SQL> 
SQL> CREATE TABLESPACE "CUSTTBS" LOGGING DATAFILE '/data/cust_1.dbf' SIZE 1000M REUSE AUTOEXTEND ON NEXT 100M MAXSIZE UNLIMITED  EXTENT MANAGEMENT LOCAL SEGMENT SPACE MANAGEMENT AUTO ;
CREATE TABLESPACE "CUSTTBS" LOGGING DATAFILE '/data/cust_1.dbf' SIZE 1000M REUSE AUTOEXTEND ON NEXT 100M MAXSIZE UNLIMITED  EXTENT MANAGEMENT LOCAL SEGMENT SPACE MANAGEMENT AUTO 
*
ERROR at line 1:
ORA-01543: tablespace 'CUSTTBS' already exists 


SQL> ALTER TABLESPACE "CUSTTBS" ADD DATAFILE '/data/cust_2.dbf' SIZE 1000M REUSE AUTOEXTEND ON NEXT 100M MAXSIZE UNLIMITED ;
ALTER TABLESPACE "CUSTTBS" ADD DATAFILE '/data/cust_2.dbf' SIZE 1000M REUSE AUTOEXTEND ON NEXT 100M MAXSIZE UNLIMITED 
*
ERROR at line 1:
ORA-01537: cannot add file '/data/cust_2.dbf' - file already part of database 


SQL> CREATE TABLESPACE "INDXTBS" LOGGING DATAFILE '/data/indx_1.dbf' SIZE 1000M REUSE AUTOEXTEND ON NEXT 100M MAXSIZE UNLIMITED  EXTENT MANAGEMENT LOCAL SEGMENT SPACE MANAGEMENT AUTO;
CREATE TABLESPACE "INDXTBS" LOGGING DATAFILE '/data/indx_1.dbf' SIZE 1000M REUSE AUTOEXTEND ON NEXT 100M MAXSIZE UNLIMITED  EXTENT MANAGEMENT LOCAL SEGMENT SPACE MANAGEMENT AUTO
*
ERROR at line 1:
ORA-01543: tablespace 'INDXTBS' already exists 


SQL> ALTER TABLESPACE "INDXTBS" ADD DATAFILE '/data/indx_2.dbf' SIZE 1000M REUSE AUTOEXTEND ON NEXT 100M MAXSIZE UNLIMITED ;
ALTER TABLESPACE "INDXTBS" ADD DATAFILE '/data/indx_2.dbf' SIZE 1000M REUSE AUTOEXTEND ON NEXT 100M MAXSIZE UNLIMITED 
*
ERROR at line 1:
ORA-01537: cannot add file '/data/indx_2.dbf' - file already part of database 


SQL> CREATE TABLESPACE "DS_MISC" LOGGING DATAFILE '/data/ds_misc.dbf' SIZE 500M REUSE AUTOEXTEND ON NEXT 100M MAXSIZE UNLIMITED EXTENT MANAGEMENT LOCAL SEGMENT SPACE MANAGEMENT AUTO;
CREATE TABLESPACE "DS_MISC" LOGGING DATAFILE '/data/ds_misc.dbf' SIZE 500M REUSE AUTOEXTEND ON NEXT 100M MAXSIZE UNLIMITED EXTENT MANAGEMENT LOCAL SEGMENT SPACE MANAGEMENT AUTO
*
ERROR at line 1:
ORA-01543: tablespace 'DS_MISC' already exists 


SQL> CREATE TABLESPACE "ORDERTBS" LOGGING DATAFILE '/data/order_1.dbf' SIZE 1000M REUSE AUTOEXTEND ON NEXT 100M MAXSIZE UNLIMITED EXTENT MANAGEMENT LOCAL SEGMENT SPACE MANAGEMENT AUTO;
CREATE TABLESPACE "ORDERTBS" LOGGING DATAFILE '/data/order_1.dbf' SIZE 1000M REUSE AUTOEXTEND ON NEXT 100M MAXSIZE UNLIMITED EXTENT MANAGEMENT LOCAL SEGMENT SPACE MANAGEMENT AUTO
*
ERROR at line 1:
ORA-01543: tablespace 'ORDERTBS' already exists 


SQL> ALTER TABLESPACE "ORDERTBS" ADD DATAFILE '/data/order_2.dbf' SIZE 1000M REUSE AUTOEXTEND ON NEXT 100M MAXSIZE UNLIMITED ;
ALTER TABLESPACE "ORDERTBS" ADD DATAFILE '/data/order_2.dbf' SIZE 1000M REUSE AUTOEXTEND ON NEXT 100M MAXSIZE UNLIMITED 
*
ERROR at line 1:
ORA-01537: cannot add file '/data/order_2.dbf' - file already part of database 


SQL> CREATE TABLESPACE "MEMBERTBS" LOGGING DATAFILE '/data/member.dbf' SIZE 1000M REUSE AUTOEXTEND ON NEXT 100M MAXSIZE UNLIMITED EXTENT MANAGEMENT LOCAL SEGMENT SPACE MANAGEMENT AUTO;
CREATE TABLESPACE "MEMBERTBS" LOGGING DATAFILE '/data/member.dbf' SIZE 1000M REUSE AUTOEXTEND ON NEXT 100M MAXSIZE UNLIMITED EXTENT MANAGEMENT LOCAL SEGMENT SPACE MANAGEMENT AUTO
*
ERROR at line 1:
ORA-01543: tablespace 'MEMBERTBS' already exists 


SQL> CREATE TABLESPACE "REVIEWTBS" LOGGING DATAFILE '/data/review_1.dbf' SIZE 1000M REUSE AUTOEXTEND ON NEXT 100M MAXSIZE UNLIMITED EXTENT MANAGEMENT LOCAL SEGMENT SPACE MANAGEMENT AUTO;
CREATE TABLESPACE "REVIEWTBS" LOGGING DATAFILE '/data/review_1.dbf' SIZE 1000M REUSE AUTOEXTEND ON NEXT 100M MAXSIZE UNLIMITED EXTENT MANAGEMENT LOCAL SEGMENT SPACE MANAGEMENT AUTO
*
ERROR at line 1:
ORA-01543: tablespace 'REVIEWTBS' already exists 


SQL> ALTER TABLESPACE "REVIEWTBS" ADD DATAFILE '/data/review_2.dbf' SIZE 1000M REUSE AUTOEXTEND ON NEXT 100M MAXSIZE UNLIMITED ;
ALTER TABLESPACE "REVIEWTBS" ADD DATAFILE '/data/review_2.dbf' SIZE 1000M REUSE AUTOEXTEND ON NEXT 100M MAXSIZE UNLIMITED 
*
ERROR at line 1:
ORA-01537: cannot add file '/data/review_2.dbf' - file already part of database 


SQL> spool off
